<html>
<body>
<pre>
<h1>µVision Build Log</h1>
<h2>Tool Versions:</h2>
IDE-Version: ¦ÌVision V5.24.2.0
Copyright (C) 2017 ARM Ltd and ARM Germany GmbH. All rights reserved.
License Information: kai kai, kai, LIC=JL28G-VD5X2-JJV6S-L2SNW-75GID-EFTK3
 
Tool Versions:
Toolchain:       MDK-ARM Plus  Version: 5.24.1
Toolchain Path:  D:\Keil_v5\ARM\ARMCC\Bin
C Compiler:      Armcc.exe V5.06 update 5 (build 528)
Assembler:       Armasm.exe V5.06 update 5 (build 528)
Linker/Locator:  ArmLink.exe V5.06 update 5 (build 528)
Library Manager: ArmAr.exe V5.06 update 5 (build 528)
Hex Converter:   FromElf.exe V5.06 update 5 (build 528)
CPU DLL:         SARMCM3.DLL V5.24.1
Dialog DLL:      DCM.DLL V1.16.0.0
Target DLL:      Segger\JL2CM3.dll V2.99.26.0
Dialog DLL:      TCM.DLL V1.32.0.0
 
<h2>Project:</h2>
E:\soc26prj\soc-wuxi-arm\cnasic_sleep\prj\keil\cnasic_sleep.uvprojx
Project File Date:  04/02/2026

<h2>Output:</h2>
*** Using Compiler 'V5.06 update 5 (build 528)', folder: 'D:\Keil_v5\ARM\ARMCC\Bin'
Build target 'cnasic_sleep'
compiling main.c...
..\..\App\main.c(70): warning:  #111-D: statement is unreachable
      return 0;
..\..\App\main.c(33): warning:  #177-D: variable "ch"  was declared but never referenced
  	char ch[16]="hello world!";
..\..\App\main.c(34): warning:  #177-D: variable "i"  was declared but never referenced
  	int i=0;
..\..\App\main.c(35): warning:  #177-D: variable "j"  was declared but never referenced
  	int j;
..\..\App\main.c(36): warning:  #177-D: variable "full"  was declared but never referenced
  	int full;
..\..\App\main.c: 5 warnings, 0 errors
linking...
Program Size: Code=384 RO-data=160 RW-data=12 ZI-data=2148  
FromELF: creating hex file...
After Build - User command #1: fromelf.exe --vhx --32x1 --output=.\output\outfile.bin .\objects\cnasic_sleep.axf
".\Objects\cnasic_sleep.axf" - 0 Error(s), 5 Warning(s).

<h2>Software Packages used:</h2>

Package Vendor: ARM
                http://www.keil.com/pack/ARM.CMSIS.5.0.1.pack
                ARM.CMSIS.5.0.1
                CMSIS (Cortex Microcontroller Software Interface Standard)

<h2>Collection of Component include folders:</h2>
  .\RTE\_cnasic_sleep
  D:\Keil_v5\ARM\PACK\ARM\CMSIS\5.0.1\Device\ARM\ARMCM3\Include

<h2>Collection of Component Files used:</h2>
Build Time Elapsed:  00:00:00
</pre>
</body>
</html>
