###############################################################################
#
# IAR ELF Linker V8.22.1.15669/W32 for ARM                09/Aug/2018  21:19:40
# Copyright 2007-2018 IAR Systems AB.
#
#    Output file  =  D:\MyCode\cnasic_sleep\prj\iar\Debug\Exe\cnasic_sleep.out
#    Map file     =  D:\MyCode\cnasic_sleep\prj\iar\Debug\List\cnasic_sleep.map
#    Command line =  
#        -f C:\Users\CNASIC~1\AppData\Local\Temp\EW1DD7.tmp
#        (D:\MyCode\cnasic_sleep\prj\iar\Debug\Obj\cnasic_soc_bule.o
#        D:\MyCode\cnasic_sleep\prj\iar\Debug\Obj\delay.o
#        D:\MyCode\cnasic_sleep\prj\iar\Debug\Obj\gpio.o
#        D:\MyCode\cnasic_sleep\prj\iar\Debug\Obj\main.o
#        D:\MyCode\cnasic_sleep\prj\iar\Debug\Obj\mem.o
#        D:\MyCode\cnasic_sleep\prj\iar\Debug\Obj\nvic.o
#        D:\MyCode\cnasic_sleep\prj\iar\Debug\Obj\timer.o
#        D:\MyCode\cnasic_sleep\prj\iar\Debug\Obj\usart.o -o
#        D:\MyCode\cnasic_sleep\prj\iar\Debug\Exe\cnasic_sleep.out --map
#        D:\MyCode\cnasic_sleep\prj\iar\Debug\List\cnasic_sleep.map --config
#        D:\MyCode\cnasic_sleep\prj\iar\cnasic_soc_blue_128kRAM.icf
#        --semihosting --entry __iar_program_start --vfe --text_out locale)
#
###############################################################################

*******************************************************************************
*** RUNTIME MODEL ATTRIBUTES
***

CppFlavor       = *
__SystemLibrary = DLib
__dlib_version  = 6


*******************************************************************************
*** HEAP SELECTION
***

The basic heap was selected because no calls to memory allocation
functions were found in the application outside of system library
functions, and there are calls to deallocation functions in the
application.


*******************************************************************************
*** PLACEMENT SUMMARY
***

"A0":  place at 0x00000000 { ro section .intvec };
"P1":  place in [from 0x00000000 to 0x00003fff] { ro };
define block CSTACK with size = 1K, alignment = 8 { };
define block HEAP with size = 1K, alignment = 8 { };
"P2":  place in [from 0x20004000 to 0x20007fff] {
          rw, block CSTACK, block HEAP };

  Section          Kind        Address   Size  Object
  -------          ----        -------   ----  ------
"A0":                                    0x40
  .intvec          ro code  0x00000000   0x40  cnasic_soc_bule.o [1]
                          - 0x00000040   0x40

"P1":                                   0x108
  .text            ro code  0x00000040   0x40  zero_init3.o [4]
  .text            ro code  0x00000080   0x28  data_init.o [4]
  .iar.init_table  const    0x000000a8   0x10  - Linker created -
  .text            ro code  0x000000b8   0x1e  cmain.o [4]
  .text            ro code  0x000000d6    0x4  low_level_init.o [3]
  .text            ro code  0x000000dc   0x1c  main.o [1]
  .text            ro code  0x000000f8    0x4  exit.o [3]
  .text            ro code  0x000000fc    0xa  cexit.o [4]
  .text            ro code  0x00000108   0x14  exit.o [5]
  .text            ro code  0x0000011c   0x14  delay.o [1]
  .text            ro code  0x00000130    0xc  cstartup_M.o [4]
  .text            ro code  0x0000013c    0x8  cnasic_soc_bule.o [1]
  .text            ro code  0x00000144    0x4  cnasic_soc_bule.o [1]
  .rodata          const    0x00000148    0x0  zero_init3.o [4]
                          - 0x00000148  0x108

"P2", part 1 of 2:                        0x4
  .bss             zero     0x20004000    0x4  delay.o [1]
                          - 0x20004004    0x4

"P2", part 2 of 2:                      0x400
  CSTACK                    0x20004008  0x400  <Block>
    CSTACK         uninit   0x20004008  0x400  <Block tail>
                          - 0x20004408  0x400


*******************************************************************************
*** INIT TABLE
***

          Address     Size
          -------     ----
Zero (__iar_zero_init3)
    1 destination range, total size 0x4:
          0x20004000   0x4



*******************************************************************************
*** MODULE SUMMARY
***

    Module             ro code  ro data  rw data
    ------             -------  -------  -------
D:\MyCode\cnasic_sleep\prj\iar\Debug\Obj: [1]
    cnasic_soc_bule.o       76
    delay.o                 20                 4
    main.o                  28
    --------------------------------------------
    Total:                 124                 4

command line: [2]
    --------------------------------------------
    Total:

dl7M_tln.a: [3]
    exit.o                   4
    low_level_init.o         4
    --------------------------------------------
    Total:                   8

rt7M_tl.a: [4]
    cexit.o                 10
    cmain.o                 30
    cstartup_M.o            12
    data_init.o             40
    zero_init3.o            64
    --------------------------------------------
    Total:                 156

shb_l.a: [5]
    exit.o                  20
    --------------------------------------------
    Total:                  20

    Gaps                     4
    Linker created                   16    1 024
------------------------------------------------
    Grand Total:           312       16    1 028


*******************************************************************************
*** ENTRY LIST
***

Entry                      Address  Size  Type      Object
-----                      -------  ----  ----      ------
.iar.init_table$$Base   0x000000a8         --   Gb  - Linker created -
.iar.init_table$$Limit  0x000000b8         --   Gb  - Linker created -
?main                   0x000000b9        Code  Gb  cmain.o [4]
CSTACK$$Base            0x20004008         --   Gb  - Linker created -
CSTACK$$Limit           0x20004408         --   Gb  - Linker created -
HardFault_Handler       0x0000011d   0x2  Code  Gb  delay.o [1]
Region$$Table$$Base     0x000000a8         --   Gb  - Linker created -
Region$$Table$$Limit    0x000000b8         --   Gb  - Linker created -
SysTick_Handler         0x0000011f   0xc  Code  Gb  delay.o [1]
__WFI                   0x000000dd   0x4  Code  Lc  main.o [1]
__cmain                 0x000000b9        Code  Gb  cmain.o [4]
__exit                  0x00000109  0x14  Code  Gb  exit.o [5]
__iar_data_init3        0x00000081  0x28  Code  Gb  data_init.o [4]
__iar_program_start     0x00000131        Code  Gb  cstartup_M.o [4]
__iar_systems$$module {Abs}
                        0x00000001        Data  Gb  command line/config [2]
__iar_zero_init3        0x00000041  0x40  Code  Gb  zero_init3.o [4]
__low_level_init        0x000000d7   0x4  Code  Gb  low_level_init.o [3]
__vector_table          0x00000000        Data  Gb  cnasic_soc_bule.o [1]
_call_main              0x000000c5        Code  Gb  cmain.o [4]
_exit                   0x000000fd        Code  Gb  cexit.o [4]
_main                   0x000000d3        Code  Gb  cmain.o [4]
exit                    0x000000f9   0x4  Code  Gb  exit.o [3]
main                    0x000000e1  0x14  Code  Gb  main.o [1]
uwTick                  0x20004000   0x4  Data  Gb  delay.o [1]


[1] = D:\MyCode\cnasic_sleep\prj\iar\Debug\Obj
[2] = command line
[3] = dl7M_tln.a
[4] = rt7M_tl.a
[5] = shb_l.a

    312 bytes of readonly  code memory
     16 bytes of readonly  data memory
  1 028 bytes of readwrite data memory

Errors: none
Warnings: none
