<html>
<body>
<pre>
<h1>µVision Build Log</h1>
<h2>Tool Versions:</h2>
IDE-Version: ¦ÌVision V5.24.2.0
Copyright (C) 2017 ARM Ltd and ARM Germany GmbH. All rights reserved.
License Information: kai kai, kai, LIC=JL28G-VD5X2-JJV6S-L2SNW-75GID-EFTK3
 
Tool Versions:
Toolchain:       MDK-ARM Plus  Version: 5.24.1
Toolchain Path:  D:\Keil_v5\ARM\ARMCC\Bin
C Compiler:      Armcc.exe V5.06 update 5 (build 528)
Assembler:       Armasm.exe V5.06 update 5 (build 528)
Linker/Locator:  ArmLink.exe V5.06 update 5 (build 528)
Library Manager: ArmAr.exe V5.06 update 5 (build 528)
Hex Converter:   FromElf.exe V5.06 update 5 (build 528)
CPU DLL:         SARMCM3.DLL V5.24.1
Dialog DLL:      DCM.DLL V1.16.0.0
Target DLL:      Segger\JL2CM3.dll V2.99.26.0
Dialog DLL:      TCM.DLL V1.32.0.0
 
<h2>Project:</h2>
E:\soc26prj\soc-wuxi-arm\audio\tb\Phase6_fpga\keil_test_final\prj\keil\cnasic_sleep.uvprojx
Project File Date:  05/03/2026

<h2>Output:</h2>
*** Using Compiler 'V5.06 update 5 (build 528)', folder: 'D:\Keil_v5\ARM\ARMCC\Bin'
Rebuild target 'cnasic_sleep'
assembling cnasic_soc.s...
compiling gpio.c...
compiling main.c...
..\..\App\main.c(108): warning:  #111-D: statement is unreachable
      return 0;
..\..\App\main.c: 1 warning, 0 errors
compiling nvic.c...
compiling mem.c...
compiling delay.c...
compiling usart.c...
compiling timer.c...
linking...
Program Size: Code=572 RO-data=160 RW-data=12 ZI-data=2148  
FromELF: creating hex file...
After Build - User command #1: fromelf.exe --vhx --32x1 --output=.\output\outfile.bin .\objects\cnasic_sleep.axf
".\Objects\cnasic_sleep.axf" - 0 Error(s), 1 Warning(s).

<h2>Software Packages used:</h2>

Package Vendor: Keil
                http://www.keil.com/pack/Keil.V2M-MPS2_CMx_BSP.1.7.0.pack
                Keil.V2M-MPS2_CMx_BSP.1.7.0
                ARM V2M-MPS2 Board Support PACK for Cortex-M System Design Kit Devices

<h2>Collection of Component include folders:</h2>
  .\RTE\_cnasic_sleep
  D:\Keil_v5\ARM\PACK\Keil\V2M-MPS2_CMx_BSP\1.7.0\Device\CMSDK_CM3\Include

<h2>Collection of Component Files used:</h2>
Build Time Elapsed:  00:00:01
</pre>
</body>
</html>
