Flow report for top
Mon May 04 10:13:53 2026
Quartus Prime Version 16.1.1 Build 200 11/30/2016 SJ Standard Edition


---------------------
; Table of Contents ;
---------------------
  1. Legal Notice
  2. Flow Summary
  3. Flow Settings
  4. Flow Non-Default Global Settings
  5. Flow Elapsed Time
  6. Flow OS Summary
  7. Flow Log
  8. Flow Messages
  9. Flow Suppressed Messages



----------------
; Legal Notice ;
----------------
Copyright (C) 2016  Intel Corporation. All rights reserved.
Your use of Intel Corporation's design tools, logic functions 
and other software and tools, and its AMPP partner logic 
functions, and any output files from any of the foregoing 
(including device programming or simulation files), and any 
associated documentation or information are expressly subject 
to the terms and conditions of the Intel Program License 
Subscription Agreement, the Intel Quartus Prime License Agreement,
the Intel MegaCore Function License Agreement, or other 
applicable license agreement, including, without limitation, 
that your use is for the sole purpose of programming logic 
devices manufactured by Intel and sold by Intel or its 
authorized distributors.  Please refer to the applicable 
agreement for further details.



+--------------------------------------------------------------------------------------+
; Flow Summary                                                                         ;
+------------------------------------+-------------------------------------------------+
; Flow Status                        ; Successful - Mon May 04 10:13:44 2026           ;
; Quartus Prime Version              ; 16.1.1 Build 200 11/30/2016 SJ Standard Edition ;
; Revision Name                      ; top                                             ;
; Top-level Entity Name              ; top                                             ;
; Family                             ; MAX 10                                          ;
; Device                             ; 10M50DAF484C7G                                  ;
; Timing Models                      ; Final                                           ;
; Total logic elements               ; 23,958 / 49,760 ( 48 % )                        ;
;     Total combinational functions  ; 22,989 / 49,760 ( 46 % )                        ;
;     Dedicated logic registers      ; 6,080 / 49,760 ( 12 % )                         ;
; Total registers                    ; 6080                                            ;
; Total pins                         ; 27 / 360 ( 8 % )                                ;
; Total virtual pins                 ; 0                                               ;
; Total memory bits                  ; 524,672 / 1,677,312 ( 31 % )                    ;
; Embedded Multiplier 9-bit elements ; 6 / 288 ( 2 % )                                 ;
; Total PLLs                         ; 0 / 4 ( 0 % )                                   ;
; UFM blocks                         ; 0 / 1 ( 0 % )                                   ;
; ADC blocks                         ; 0 / 2 ( 0 % )                                   ;
+------------------------------------+-------------------------------------------------+


+-----------------------------------------+
; Flow Settings                           ;
+-------------------+---------------------+
; Option            ; Setting             ;
+-------------------+---------------------+
; Start date & time ; 05/04/2026 10:10:48 ;
; Main task         ; Compilation         ;
; Revision Name     ; top                 ;
+-------------------+---------------------+


+---------------------------------------------------------------------------------------------------------------------------------+
; Flow Non-Default Global Settings                                                                                                ;
+-------------------------------------+------------------------------------------------+---------------+-------------+------------+
; Assignment Name                     ; Value                                          ; Default Value ; Entity Name ; Section Id ;
+-------------------------------------+------------------------------------------------+---------------+-------------+------------+
; COMPILER_SIGNATURE_ID               ; 108755721891183.177786064830404                ; --            ; --          ; --         ;
; MAX_CORE_JUNCTION_TEMP              ; 85                                             ; --            ; --          ; --         ;
; MIN_CORE_JUNCTION_TEMP              ; 0                                              ; --            ; --          ; --         ;
; MISC_FILE                           ; ../soc-wuxi-arm/arm-soc/sram/ram16x32_bb.v     ; --            ; --          ; --         ;
; MISC_FILE                           ; ../soc-wuxi-arm/arm-soc/sram/max10_16Kx32_bb.v ; --            ; --          ; --         ;
; PARTITION_COLOR                     ; -- (Not supported for targeted family)         ; --            ; --          ; Top        ;
; PARTITION_FITTER_PRESERVATION_LEVEL ; -- (Not supported for targeted family)         ; --            ; --          ; Top        ;
; PARTITION_NETLIST_TYPE              ; -- (Not supported for targeted family)         ; --            ; --          ; Top        ;
; POWER_BOARD_THERMAL_MODEL           ; None (CONSERVATIVE)                            ; --            ; --          ; --         ;
; POWER_PRESET_COOLING_SOLUTION       ; 23 MM HEAT SINK WITH 200 LFPM AIRFLOW          ; --            ; --          ; --         ;
; PROJECT_OUTPUT_DIRECTORY            ; output_files                                   ; --            ; --          ; --         ;
+-------------------------------------+------------------------------------------------+---------------+-------------+------------+


+-------------------------------------------------------------------------------------------------------------------------------+
; Flow Elapsed Time                                                                                                             ;
+---------------------------+--------------+-------------------------+---------------------+------------------------------------+
; Module Name               ; Elapsed Time ; Average Processors Used ; Peak Virtual Memory ; Total CPU Time (on all processors) ;
+---------------------------+--------------+-------------------------+---------------------+------------------------------------+
; Analysis & Synthesis      ; 00:01:06     ; 1.0                     ; 5094 MB             ; 00:01:13                           ;
; Fitter                    ; 00:01:43     ; 2.1                     ; 7008 MB             ; 00:05:34                           ;
; Assembler                 ; 00:00:02     ; 1.0                     ; 4763 MB             ; 00:00:03                           ;
; TimeQuest Timing Analyzer ; 00:00:08     ; 5.8                     ; 5222 MB             ; 00:00:39                           ;
; Total                     ; 00:02:59     ; --                      ; --                  ; 00:07:29                           ;
+---------------------------+--------------+-------------------------+---------------------+------------------------------------+


+-----------------------------------------------------------------------------------------+
; Flow OS Summary                                                                         ;
+---------------------------+------------------+------------+------------+----------------+
; Module Name               ; Machine Hostname ; OS Name    ; OS Version ; Processor type ;
+---------------------------+------------------+------------+------------+----------------+
; Analysis & Synthesis      ; LAPTOP-M3BCMBD2  ; Windows 10 ; 10.0       ; x86_64         ;
; Fitter                    ; LAPTOP-M3BCMBD2  ; Windows 10 ; 10.0       ; x86_64         ;
; Assembler                 ; LAPTOP-M3BCMBD2  ; Windows 10 ; 10.0       ; x86_64         ;
; TimeQuest Timing Analyzer ; LAPTOP-M3BCMBD2  ; Windows 10 ; 10.0       ; x86_64         ;
+---------------------------+------------------+------------+------------+----------------+


------------
; Flow Log ;
------------
quartus_map --read_settings_files=on --write_settings_files=off top -c top
quartus_fit --read_settings_files=off --write_settings_files=off top -c top
quartus_asm --read_settings_files=off --write_settings_files=off top -c top
quartus_sta top -c top



