


ARM Macro Assembler    Page 1 


    1 00000000 00000400 
                       Stack_Size
                               EQU              0x00000400
    2 00000000         
    3 00000000                 AREA             STACK, NOINIT, READWRITE, ALIGN
=3
    4 00000000         Stack_Mem
                               SPACE            Stack_Size
    5 00000400         __initial_sp
    6 00000400         
    7 00000400         
    8 00000400 00000400 
                       Heap_Size
                               EQU              0x00000400
    9 00000400         
   10 00000400                 AREA             HEAP, NOINIT, READWRITE, ALIGN=
3
   11 00000000         __heap_base
   12 00000000         Heap_Mem
                               SPACE            Heap_Size
   13 00000400         __heap_limit
   14 00000400         
   15 00000400         
   16 00000400         ; Vector Table Mapped to Address 0 at Reset
   17 00000400         
   18 00000400                 PRESERVE8
   19 00000400                 THUMB
   20 00000400         
   21 00000400                 AREA             RESET, DATA, READONLY
   22 00000000                 EXPORT           __Vectors
   23 00000000         
   24 00000000 00000000 
                       __Vectors
                               DCD              __initial_sp ; Top of Stack
   25 00000004 00000000        DCD              Reset_Handler ; Reset Handler
   26 00000008 00000000        DCD              0
   27 0000000C 00000000        DCD              0
   28 00000010 00000000        DCD              0
   29 00000014 00000000        DCD              0
   30 00000018 00000000        DCD              0
   31 0000001C 00000000        DCD              0
   32 00000020 00000000        DCD              0
   33 00000024 00000000        DCD              0
   34 00000028 00000000        DCD              0
   35 0000002C 00000000        DCD              0
   36 00000030 00000000        DCD              0
   37 00000034 00000000        DCD              0
   38 00000038 00000000        DCD              0
   39 0000003C 00000000        DCD              SysTick_Handler 
                                                            ; SysTick_Handler
   40 00000040         
   41 00000040         ; External Interrupts
   42 00000040 00000000        DCD              0           ; TIM0_Handler
   43 00000044 00000000        DCD              0           ; RTC
   44 00000048 00000000        DCD              0           ; UART0_Handler
   45 0000004C 00000000        DCD              0
   46 00000050 00000000        DCD              0
   47 00000054 00000000        DCD              0           ; UART0_Handler
   48 00000058 00000000        DCD              0



ARM Macro Assembler    Page 2 


   49 0000005C 00000000        DCD              0
   50 00000060 00000000        DCD              0
   51 00000064 00000000        DCD              0
   52 00000068 00000000        DCD              0
   53 0000006C 00000000        DCD              0
   54 00000070 00000000        DCD              0
   55 00000074 00000000        DCD              0
   56 00000078 00000000        DCD              0
   57 0000007C 00000000        DCD              0
   58 00000080         __Vectors_End
   59 00000080         
   60 00000080                 AREA             |.text|, CODE, READONLY
   61 00000000         
   62 00000000         ; Reset Handler
   63 00000000         Reset_Handler
                               PROC
   64 00000000                 EXPORT           Reset_Handler
   65 00000000         ;                ENTRY
   66 00000000         ;                B       .
   67 00000000                 IMPORT           __main
   68 00000000 4804            LDR              R0, =__main
   69 00000002 4700            BX               R0          ; Branch to __main
   70 00000004                 ENDP
   71 00000004         
   72 00000004         SysTick_Handler
                               PROC
   73 00000004                 EXPORT           SysTick_Handler            [WEA
K]
   74 00000004 E7FE            B                .
   75 00000006                 ENDP
   76 00000006         
   77 00000006         Default_Handler
                               PROC
   78 00000006         
   79 00000006                 EXPORT           TIM0_IRQHandler   [WEAK]
   80 00000006         
   81 00000006                 EXPORT           UART0_IRQHandler  [WEAK]
   82 00000006         
   83 00000006                 EXPORT           RTC_IRQHandler   [WEAK]
   84 00000006         
   85 00000006         TIM0_IRQHandler
   86 00000006         RTC_IRQHandler
   87 00000006         UART0_IRQHandler
   88 00000006 E7FE            B                .
   89 00000008         
   90 00000008                 ENDP
   91 00000008         
   92 00000008                 ALIGN            4           ; Align to a word b
                                                            oundary
   93 00000008         
   94 00000008         
   95 00000008         ; User Initial Stack & Heap
   96 00000008         
   97 00000008                 IF               :DEF:__MICROLIB
  104 00000008         
  105 00000008                 IMPORT           __use_two_region_memory
  106 00000008                 EXPORT           __user_initial_stackheap
  107 00000008         
  108 00000008         __user_initial_stackheap



ARM Macro Assembler    Page 3 


                               PROC
  109 00000008 4803            LDR              R0, =  Heap_Mem
  110 0000000A 4904            LDR              R1, =(Stack_Mem + Stack_Size)
  111 0000000C 4A04            LDR              R2, = (Heap_Mem+  Heap_Size)
  112 0000000E 4B05            LDR              R3, = Stack_Mem
  113 00000010 4770            BX               LR
  114 00000012                 ENDP
  115 00000012         
  116 00000012 00 00           ALIGN
  117 00000014         
  118 00000014                 ENDIF
  119 00000014         
  120 00000014         
  121 00000014                 END
              00000000 
              00000000 
              00000400 
              00000400 
              00000000 
Command Line: --debug --xref --diag_suppress=9931 --cpu=Cortex-M3 --apcs=interw
ork --depend=.\objects\cnasic_soc.d -o.\objects\cnasic_soc.o -I.\RTE\_cnasic_sl
eep -ID:\Keil_v5\ARM\PACK\ARM\CMSIS\5.0.1\Device\ARM\ARMCM3\Include -ID:\Keil_v
5\ARM\CMSIS\Include --predefine="__UVISION_VERSION SETA 524" --predefine="ARMCM
3 SETA 1" --list=.\listings\cnasic_soc.lst ..\..\Chip\Startup\keil\cnasic_soc.s



ARM Macro Assembler    Page 1 Alphabetic symbol ordering
Relocatable symbols

STACK 00000000

Symbol: STACK
   Definitions
      At line 3 in file ..\..\Chip\Startup\keil\cnasic_soc.s
   Uses
      None
Comment: STACK unused
Stack_Mem 00000000

Symbol: Stack_Mem
   Definitions
      At line 4 in file ..\..\Chip\Startup\keil\cnasic_soc.s
   Uses
      At line 110 in file ..\..\Chip\Startup\keil\cnasic_soc.s
      At line 112 in file ..\..\Chip\Startup\keil\cnasic_soc.s

__initial_sp 00000400

Symbol: __initial_sp
   Definitions
      At line 5 in file ..\..\Chip\Startup\keil\cnasic_soc.s
   Uses
      At line 24 in file ..\..\Chip\Startup\keil\cnasic_soc.s
Comment: __initial_sp used once
3 symbols



ARM Macro Assembler    Page 1 Alphabetic symbol ordering
Relocatable symbols

HEAP 00000000

Symbol: HEAP
   Definitions
      At line 10 in file ..\..\Chip\Startup\keil\cnasic_soc.s
   Uses
      None
Comment: HEAP unused
Heap_Mem 00000000

Symbol: Heap_Mem
   Definitions
      At line 12 in file ..\..\Chip\Startup\keil\cnasic_soc.s
   Uses
      At line 109 in file ..\..\Chip\Startup\keil\cnasic_soc.s
      At line 111 in file ..\..\Chip\Startup\keil\cnasic_soc.s

__heap_base 00000000

Symbol: __heap_base
   Definitions
      At line 11 in file ..\..\Chip\Startup\keil\cnasic_soc.s
   Uses
      None
Comment: __heap_base unused
__heap_limit 00000400

Symbol: __heap_limit
   Definitions
      At line 13 in file ..\..\Chip\Startup\keil\cnasic_soc.s
   Uses
      None
Comment: __heap_limit unused
4 symbols



ARM Macro Assembler    Page 1 Alphabetic symbol ordering
Relocatable symbols

RESET 00000000

Symbol: RESET
   Definitions
      At line 21 in file ..\..\Chip\Startup\keil\cnasic_soc.s
   Uses
      None
Comment: RESET unused
__Vectors 00000000

Symbol: __Vectors
   Definitions
      At line 24 in file ..\..\Chip\Startup\keil\cnasic_soc.s
   Uses
      At line 22 in file ..\..\Chip\Startup\keil\cnasic_soc.s
Comment: __Vectors used once
__Vectors_End 00000080

Symbol: __Vectors_End
   Definitions
      At line 58 in file ..\..\Chip\Startup\keil\cnasic_soc.s
   Uses
      None
Comment: __Vectors_End unused
3 symbols



ARM Macro Assembler    Page 1 Alphabetic symbol ordering
Relocatable symbols

.text 00000000

Symbol: .text
   Definitions
      At line 60 in file ..\..\Chip\Startup\keil\cnasic_soc.s
   Uses
      None
Comment: .text unused
Default_Handler 00000006

Symbol: Default_Handler
   Definitions
      At line 77 in file ..\..\Chip\Startup\keil\cnasic_soc.s
   Uses
      None
Comment: Default_Handler unused
RTC_IRQHandler 00000006

Symbol: RTC_IRQHandler
   Definitions
      At line 86 in file ..\..\Chip\Startup\keil\cnasic_soc.s
   Uses
      At line 83 in file ..\..\Chip\Startup\keil\cnasic_soc.s
Comment: RTC_IRQHandler used once
Reset_Handler 00000000

Symbol: Reset_Handler
   Definitions
      At line 63 in file ..\..\Chip\Startup\keil\cnasic_soc.s
   Uses
      At line 25 in file ..\..\Chip\Startup\keil\cnasic_soc.s
      At line 64 in file ..\..\Chip\Startup\keil\cnasic_soc.s

SysTick_Handler 00000004

Symbol: SysTick_Handler
   Definitions
      At line 72 in file ..\..\Chip\Startup\keil\cnasic_soc.s
   Uses
      At line 39 in file ..\..\Chip\Startup\keil\cnasic_soc.s
      At line 73 in file ..\..\Chip\Startup\keil\cnasic_soc.s

TIM0_IRQHandler 00000006

Symbol: TIM0_IRQHandler
   Definitions
      At line 85 in file ..\..\Chip\Startup\keil\cnasic_soc.s
   Uses
      At line 79 in file ..\..\Chip\Startup\keil\cnasic_soc.s
Comment: TIM0_IRQHandler used once
UART0_IRQHandler 00000006

Symbol: UART0_IRQHandler
   Definitions
      At line 87 in file ..\..\Chip\Startup\keil\cnasic_soc.s
   Uses
      At line 81 in file ..\..\Chip\Startup\keil\cnasic_soc.s
Comment: UART0_IRQHandler used once
__user_initial_stackheap 00000008



ARM Macro Assembler    Page 2 Alphabetic symbol ordering
Relocatable symbols


Symbol: __user_initial_stackheap
   Definitions
      At line 108 in file ..\..\Chip\Startup\keil\cnasic_soc.s
   Uses
      At line 106 in file ..\..\Chip\Startup\keil\cnasic_soc.s
Comment: __user_initial_stackheap used once
8 symbols



ARM Macro Assembler    Page 1 Alphabetic symbol ordering
Absolute symbols

Heap_Size 00000400

Symbol: Heap_Size
   Definitions
      At line 8 in file ..\..\Chip\Startup\keil\cnasic_soc.s
   Uses
      At line 12 in file ..\..\Chip\Startup\keil\cnasic_soc.s
      At line 111 in file ..\..\Chip\Startup\keil\cnasic_soc.s

Stack_Size 00000400

Symbol: Stack_Size
   Definitions
      At line 1 in file ..\..\Chip\Startup\keil\cnasic_soc.s
   Uses
      At line 4 in file ..\..\Chip\Startup\keil\cnasic_soc.s
      At line 110 in file ..\..\Chip\Startup\keil\cnasic_soc.s

2 symbols



ARM Macro Assembler    Page 1 Alphabetic symbol ordering
External symbols

__main 00000000

Symbol: __main
   Definitions
      At line 67 in file ..\..\Chip\Startup\keil\cnasic_soc.s
   Uses
      At line 68 in file ..\..\Chip\Startup\keil\cnasic_soc.s
Comment: __main used once
__use_two_region_memory 00000000

Symbol: __use_two_region_memory
   Definitions
      At line 105 in file ..\..\Chip\Startup\keil\cnasic_soc.s
   Uses
      None
Comment: __use_two_region_memory unused
2 symbols
358 symbols in table
